{"timestamp":"2026-09-30T00:00:30.665560Z","level":"info","event":"::group::Pre Execute","logger":"task","filename":"task_runner.py","lineno":2412}
{"timestamp":"2026-09-30T00:00:33.002303Z","level":"info","event":"DAG bundles loaded: dags-folder, example_dags, apache-airflow-providers-common-sql-example-dags, apache-airflow-providers-standard-example-dags","try_number":1,"map_index":-1,"ti_id":"01a0ef9c-6fab-7270-a52d-c21abc690507","run_id":"scheduled__2026-09-30T00:00:00+00:00","task_id":"this_will_skip","dag_id":"example_bash_operator","logger":"airflow.dag_processing.bundles.manager.DagBundlesManager","filename":"manager.py","lineno":304}
{"timestamp":"2026-09-30T00:00:33.156169Z","level":"info","event":"Filling up the DagBag from /home/airflow/.local/lib/python3.13/site-packages/airflow/providers/standard/example_dags/example_bash_operator.py","try_number":1,"map_index":-1,"ti_id":"01a0ef9c-6fab-7270-a52d-c21abc690507","run_id":"scheduled__2026-09-30T00:00:00+00:00","task_id":"this_will_skip","dag_id":"example_bash_operator","logger":"airflow.dag_processing.dagbag.BundleDagBag","filename":"dagbag.py","lineno":460}
{"timestamp":"2026-09-30T00:00:34.554428Z","level":"info","event":"Worker startup parse complete","bundle_name":"apache-airflow-providers-standard-example-dags","bundle_version":null,"dag_file":"example_bash_operator.py","dag_id":"example_bash_operator","bundle_prepare_ms":101,"dag_file_parse_ms":1467,"try_number":1,"map_index":-1,"ti_id":"01a0ef9c-6fab-7270-a52d-c21abc690507","run_id":"scheduled__2026-09-30T00:00:00+00:00","task_id":"this_will_skip","logger":"task","filename":"task_runner.py","lineno":1073}
{"timestamp":"2026-09-30T00:00:35.553089Z","level":"info","event":"Task instance is in running state","logger":"task.stdout"}
{"timestamp":"2026-09-30T00:00:35.553648Z","level":"info","event":" Previous state of the Task instance: TaskInstanceState.QUEUED","logger":"task.stdout"}
{"timestamp":"2026-09-30T00:00:35.555787Z","level":"info","event":"Current task name:this_will_skip","logger":"task.stdout"}
{"timestamp":"2026-09-30T00:00:35.556264Z","level":"info","event":"Dag name:example_bash_operator","logger":"task.stdout"}
{"timestamp":"2026-09-30T00:00:35.553504Z","level":"info","event":"::endgroup::","try_number":1,"map_index":-1,"ti_id":"01a0ef9c-6fab-7270-a52d-c21abc690507","run_id":"scheduled__2026-09-30T00:00:00+00:00","task_id":"this_will_skip","dag_id":"example_bash_operator","logger":"task","filename":"task_runner.py","lineno":2232}
{"timestamp":"2026-09-30T00:00:35.582195Z","level":"info","event":"Tmp dir root location: /tmp","try_number":1,"map_index":-1,"ti_id":"01a0ef9c-6fab-7270-a52d-c21abc690507","run_id":"scheduled__2026-09-30T00:00:00+00:00","task_id":"this_will_skip","dag_id":"example_bash_operator","logger":"airflow.task.hooks.airflow.providers.standard.hooks.subprocess.SubprocessHook","filename":"subprocess.py","lineno":78}
{"timestamp":"2026-09-30T00:00:35.652037Z","level":"info","event":"Running command: ['/usr/bin/bash', '-c', 'echo \"hello world\"; exit 99;']","try_number":1,"map_index":-1,"ti_id":"01a0ef9c-6fab-7270-a52d-c21abc690507","run_id":"scheduled__2026-09-30T00:00:00+00:00","task_id":"this_will_skip","dag_id":"example_bash_operator","logger":"airflow.task.hooks.airflow.providers.standard.hooks.subprocess.SubprocessHook","filename":"subprocess.py","lineno":80}
{"timestamp":"2026-09-30T00:00:35.696597Z","level":"info","event":"Output:","try_number":1,"map_index":-1,"ti_id":"01a0ef9c-6fab-7270-a52d-c21abc690507","run_id":"scheduled__2026-09-30T00:00:00+00:00","task_id":"this_will_skip","dag_id":"example_bash_operator","logger":"airflow.task.hooks.airflow.providers.standard.hooks.subprocess.SubprocessHook","filename":"subprocess.py","lineno":92}
{"timestamp":"2026-09-30T00:00:35.927832Z","level":"info","event":"hello world","try_number":1,"map_index":-1,"ti_id":"01a0ef9c-6fab-7270-a52d-c21abc690507","run_id":"scheduled__2026-09-30T00:00:00+00:00","task_id":"this_will_skip","dag_id":"example_bash_operator","logger":"airflow.task.hooks.airflow.providers.standard.hooks.subprocess.SubprocessHook","filename":"subprocess.py","lineno":99}
{"timestamp":"2026-09-30T00:00:35.951943Z","level":"info","event":"Command exited with return code 99","try_number":1,"map_index":-1,"ti_id":"01a0ef9c-6fab-7270-a52d-c21abc690507","run_id":"scheduled__2026-09-30T00:00:00+00:00","task_id":"this_will_skip","dag_id":"example_bash_operator","logger":"airflow.task.hooks.airflow.providers.standard.hooks.subprocess.SubprocessHook","filename":"subprocess.py","lineno":103}
{"timestamp":"2026-09-30T00:00:35.952889Z","level":"info","event":"::group::Post Execute","try_number":1,"map_index":-1,"ti_id":"01a0ef9c-6fab-7270-a52d-c21abc690507","run_id":"scheduled__2026-09-30T00:00:00+00:00","task_id":"this_will_skip","dag_id":"example_bash_operator","logger":"task","filename":"task_runner.py","lineno":1620}
{"timestamp":"2026-09-30T00:00:35.953094Z","level":"info","event":"Skipping task.","reason":"Bash command returned exit code 99. Skipping.","try_number":1,"map_index":-1,"ti_id":"01a0ef9c-6fab-7270-a52d-c21abc690507","run_id":"scheduled__2026-09-30T00:00:00+00:00","task_id":"this_will_skip","dag_id":"example_bash_operator","logger":"task","filename":"task_runner.py","lineno":1622}
{"timestamp":"2026-09-30T00:00:36.054327Z","level":"info","event":"Task instance was skipped","logger":"task.stdout"}
{"timestamp":"2026-09-30T00:00:36.064576Z","level":"info","event":"Task start","logger":"task.stdout"}
{"timestamp":"2026-09-30T00:00:36.110464Z","level":"info","event":"Task:<Task(BashOperator): this_will_skip>","logger":"task.stdout"}
{"timestamp":"2026-09-30T00:00:36.091863Z","level":"info","event":"::endgroup::","try_number":1,"map_index":-1,"ti_id":"01a0ef9c-6fab-7270-a52d-c21abc690507","run_id":"scheduled__2026-09-30T00:00:00+00:00","task_id":"this_will_skip","dag_id":"example_bash_operator","logger":"task","filename":"task_runner.py","lineno":2379}
