{"timestamp":"2026-09-29T19:15:01.919680Z","level":"info","event":"::group::Pre Execute","logger":"task","filename":"task_runner.py","lineno":2412}
{"timestamp":"2026-09-29T19:15:02.093083Z","level":"info","event":"DAG bundles loaded: dags-folder, example_dags, apache-airflow-providers-common-sql-example-dags, apache-airflow-providers-standard-example-dags","ti_id":"01a0ee97-7c52-7c55-90c6-805b1b9e9192","map_index":-1,"task_id":"should_run","dag_id":"example_branch_dop_operator_v3","run_id":"scheduled__2026-09-29T19:15:00+00:00","try_number":1,"logger":"airflow.dag_processing.bundles.manager.DagBundlesManager","filename":"manager.py","lineno":304}
{"timestamp":"2026-09-29T19:15:02.094233Z","level":"info","event":"Filling up the DagBag from /home/airflow/.local/lib/python3.13/site-packages/airflow/example_dags/example_branch_python_dop_operator_3.py","ti_id":"01a0ee97-7c52-7c55-90c6-805b1b9e9192","map_index":-1,"task_id":"should_run","dag_id":"example_branch_dop_operator_v3","run_id":"scheduled__2026-09-29T19:15:00+00:00","try_number":1,"logger":"airflow.dag_processing.dagbag.BundleDagBag","filename":"dagbag.py","lineno":460}
{"timestamp":"2026-09-29T19:15:02.213597Z","level":"info","event":"Worker startup parse complete","bundle_name":"example_dags","bundle_version":null,"dag_file":"example_branch_python_dop_operator_3.py","dag_id":"example_branch_dop_operator_v3","bundle_prepare_ms":19,"dag_file_parse_ms":119,"ti_id":"01a0ee97-7c52-7c55-90c6-805b1b9e9192","map_index":-1,"task_id":"should_run","run_id":"scheduled__2026-09-29T19:15:00+00:00","try_number":1,"logger":"task","filename":"task_runner.py","lineno":1073}
{"timestamp":"2026-09-29T19:15:02.372637Z","level":"info","event":"Task instance is in running state","logger":"task.stdout"}
{"timestamp":"2026-09-29T19:15:02.374247Z","level":"info","event":" Previous state of the Task instance: TaskInstanceState.QUEUED","logger":"task.stdout"}
{"timestamp":"2026-09-29T19:15:02.374682Z","level":"info","event":"Current task name:should_run","logger":"task.stdout"}
{"timestamp":"2026-09-29T19:15:02.374999Z","level":"info","event":"Dag name:example_branch_dop_operator_v3","logger":"task.stdout"}
{"timestamp":"2026-09-29T19:15:02.361454Z","level":"info","event":"::endgroup::","ti_id":"01a0ee97-7c52-7c55-90c6-805b1b9e9192","map_index":-1,"task_id":"should_run","dag_id":"example_branch_dop_operator_v3","run_id":"scheduled__2026-09-29T19:15:00+00:00","try_number":1,"logger":"task","filename":"task_runner.py","lineno":2232}
{"timestamp":"2026-09-29T19:15:02.380427Z","level":"info","event":"------------- exec dttm = 2026-09-29 19:15:00+00:00 and minute = 15","logger":"task.stdout"}
{"timestamp":"2026-09-29T19:15:02.385693Z","level":"info","event":"Done. Returned value was: empty_task_2","ti_id":"01a0ee97-7c52-7c55-90c6-805b1b9e9192","map_index":-1,"task_id":"should_run","dag_id":"example_branch_dop_operator_v3","run_id":"scheduled__2026-09-29T19:15:00+00:00","try_number":1,"logger":"airflow.task.operators.airflow.providers.standard.decorators.branch_python._BranchPythonDecoratedOperator","filename":"python.py","lineno":233}
{"timestamp":"2026-09-29T19:15:02.386104Z","level":"info","event":"Branch into empty_task_2","ti_id":"01a0ee97-7c52-7c55-90c6-805b1b9e9192","map_index":-1,"task_id":"should_run","dag_id":"example_branch_dop_operator_v3","run_id":"scheduled__2026-09-29T19:15:00+00:00","try_number":1,"logger":"airflow.task.operators.airflow.providers.standard.decorators.branch_python._BranchPythonDecoratedOperator","filename":"branch.py","lineno":40}
{"timestamp":"2026-09-29T19:15:02.386354Z","level":"info","event":"Following branch {'empty_task_2'}","ti_id":"01a0ee97-7c52-7c55-90c6-805b1b9e9192","map_index":-1,"task_id":"should_run","dag_id":"example_branch_dop_operator_v3","run_id":"scheduled__2026-09-29T19:15:00+00:00","try_number":1,"logger":"airflow.task.operators.airflow.providers.standard.decorators.branch_python._BranchPythonDecoratedOperator","filename":"skipmixin.py","lineno":124}
{"timestamp":"2026-09-29T19:15:02.386750Z","level":"info","event":"Skipping tasks [('empty_task_1', -1)]","ti_id":"01a0ee97-7c52-7c55-90c6-805b1b9e9192","map_index":-1,"task_id":"should_run","dag_id":"example_branch_dop_operator_v3","run_id":"scheduled__2026-09-29T19:15:00+00:00","try_number":1,"logger":"airflow.task.operators.airflow.providers.standard.decorators.branch_python._BranchPythonDecoratedOperator","filename":"skipmixin.py","lineno":163}
{"timestamp":"2026-09-29T19:15:02.772001Z","level":"info","event":"::group::Post Execute","ti_id":"01a0ee97-7c52-7c55-90c6-805b1b9e9192","map_index":-1,"task_id":"should_run","dag_id":"example_branch_dop_operator_v3","run_id":"scheduled__2026-09-29T19:15:00+00:00","try_number":1,"logger":"task","filename":"task_runner.py","lineno":1605}
{"timestamp":"2026-09-29T19:15:02.772174Z","level":"info","event":"Skipping downstream tasks.","ti_id":"01a0ee97-7c52-7c55-90c6-805b1b9e9192","map_index":-1,"task_id":"should_run","dag_id":"example_branch_dop_operator_v3","run_id":"scheduled__2026-09-29T19:15:00+00:00","try_number":1,"logger":"task","filename":"task_runner.py","lineno":1606}
{"timestamp":"2026-09-29T19:15:03.057193Z","level":"info","event":"Task instance in success state","logger":"task.stdout"}
{"timestamp":"2026-09-29T19:15:03.067561Z","level":"info","event":" Previous state of the Task instance: TaskInstanceState.RUNNING","logger":"task.stdout"}
{"timestamp":"2026-09-29T19:15:03.069064Z","level":"info","event":"Task operator:<Task(_BranchPythonDecoratedOperator): should_run>","logger":"task.stdout"}
{"timestamp":"2026-09-29T19:15:03.041021Z","level":"info","event":"::endgroup::","ti_id":"01a0ee97-7c52-7c55-90c6-805b1b9e9192","map_index":-1,"task_id":"should_run","dag_id":"example_branch_dop_operator_v3","run_id":"scheduled__2026-09-29T19:15:00+00:00","try_number":1,"logger":"task","filename":"task_runner.py","lineno":2379}
