{"timestamp":"2026-09-29T19:09:02.585569Z","level":"info","event":"::group::Pre Execute","logger":"task","filename":"task_runner.py","lineno":2412}
{"timestamp":"2026-09-29T19:09:02.888540Z","level":"info","event":"DAG bundles loaded: dags-folder, example_dags, apache-airflow-providers-common-sql-example-dags, apache-airflow-providers-standard-example-dags","run_id":"scheduled__2026-09-29T19:09:00+00:00","task_id":"should_run","try_number":1,"dag_id":"example_branch_dop_operator_v3","ti_id":"01a0ee92-009c-7083-870d-893ada6732ea","map_index":-1,"logger":"airflow.dag_processing.bundles.manager.DagBundlesManager","filename":"manager.py","lineno":304}
{"timestamp":"2026-09-29T19:09:02.895759Z","level":"info","event":"Filling up the DagBag from /home/airflow/.local/lib/python3.13/site-packages/airflow/example_dags/example_branch_python_dop_operator_3.py","run_id":"scheduled__2026-09-29T19:09:00+00:00","task_id":"should_run","try_number":1,"dag_id":"example_branch_dop_operator_v3","ti_id":"01a0ee92-009c-7083-870d-893ada6732ea","map_index":-1,"logger":"airflow.dag_processing.dagbag.BundleDagBag","filename":"dagbag.py","lineno":460}
{"timestamp":"2026-09-29T19:09:03.019344Z","level":"info","event":"Worker startup parse complete","bundle_name":"example_dags","bundle_version":null,"dag_file":"example_branch_python_dop_operator_3.py","dag_id":"example_branch_dop_operator_v3","bundle_prepare_ms":22,"dag_file_parse_ms":123,"run_id":"scheduled__2026-09-29T19:09:00+00:00","task_id":"should_run","try_number":1,"ti_id":"01a0ee92-009c-7083-870d-893ada6732ea","map_index":-1,"logger":"task","filename":"task_runner.py","lineno":1073}
{"timestamp":"2026-09-29T19:09:03.212065Z","level":"info","event":"Task instance is in running state","logger":"task.stdout"}
{"timestamp":"2026-09-29T19:09:03.212467Z","level":"info","event":" Previous state of the Task instance: TaskInstanceState.QUEUED","logger":"task.stdout"}
{"timestamp":"2026-09-29T19:09:03.212865Z","level":"info","event":"Current task name:should_run","logger":"task.stdout"}
{"timestamp":"2026-09-29T19:09:03.213227Z","level":"info","event":"Dag name:example_branch_dop_operator_v3","logger":"task.stdout"}
{"timestamp":"2026-09-29T19:09:03.213616Z","level":"info","event":"------------- exec dttm = 2026-09-29 19:09:00+00:00 and minute = 9","logger":"task.stdout"}
{"timestamp":"2026-09-29T19:09:03.202169Z","level":"info","event":"::endgroup::","run_id":"scheduled__2026-09-29T19:09:00+00:00","task_id":"should_run","try_number":1,"dag_id":"example_branch_dop_operator_v3","ti_id":"01a0ee92-009c-7083-870d-893ada6732ea","map_index":-1,"logger":"task","filename":"task_runner.py","lineno":2232}
{"timestamp":"2026-09-29T19:09:03.204303Z","level":"info","event":"Done. Returned value was: empty_task_2","run_id":"scheduled__2026-09-29T19:09:00+00:00","task_id":"should_run","try_number":1,"dag_id":"example_branch_dop_operator_v3","ti_id":"01a0ee92-009c-7083-870d-893ada6732ea","map_index":-1,"logger":"airflow.task.operators.airflow.providers.standard.decorators.branch_python._BranchPythonDecoratedOperator","filename":"python.py","lineno":233}
{"timestamp":"2026-09-29T19:09:03.204482Z","level":"info","event":"Branch into empty_task_2","run_id":"scheduled__2026-09-29T19:09:00+00:00","task_id":"should_run","try_number":1,"dag_id":"example_branch_dop_operator_v3","ti_id":"01a0ee92-009c-7083-870d-893ada6732ea","map_index":-1,"logger":"airflow.task.operators.airflow.providers.standard.decorators.branch_python._BranchPythonDecoratedOperator","filename":"branch.py","lineno":40}
{"timestamp":"2026-09-29T19:09:03.204641Z","level":"info","event":"Following branch {'empty_task_2'}","run_id":"scheduled__2026-09-29T19:09:00+00:00","task_id":"should_run","try_number":1,"dag_id":"example_branch_dop_operator_v3","ti_id":"01a0ee92-009c-7083-870d-893ada6732ea","map_index":-1,"logger":"airflow.task.operators.airflow.providers.standard.decorators.branch_python._BranchPythonDecoratedOperator","filename":"skipmixin.py","lineno":124}
{"timestamp":"2026-09-29T19:09:03.204824Z","level":"info","event":"Skipping tasks [('empty_task_1', -1)]","run_id":"scheduled__2026-09-29T19:09:00+00:00","task_id":"should_run","try_number":1,"dag_id":"example_branch_dop_operator_v3","ti_id":"01a0ee92-009c-7083-870d-893ada6732ea","map_index":-1,"logger":"airflow.task.operators.airflow.providers.standard.decorators.branch_python._BranchPythonDecoratedOperator","filename":"skipmixin.py","lineno":163}
{"timestamp":"2026-09-29T19:09:03.443334Z","level":"info","event":"::group::Post Execute","run_id":"scheduled__2026-09-29T19:09:00+00:00","task_id":"should_run","try_number":1,"dag_id":"example_branch_dop_operator_v3","ti_id":"01a0ee92-009c-7083-870d-893ada6732ea","map_index":-1,"logger":"task","filename":"task_runner.py","lineno":1605}
{"timestamp":"2026-09-29T19:09:03.443554Z","level":"info","event":"Skipping downstream tasks.","run_id":"scheduled__2026-09-29T19:09:00+00:00","task_id":"should_run","try_number":1,"dag_id":"example_branch_dop_operator_v3","ti_id":"01a0ee92-009c-7083-870d-893ada6732ea","map_index":-1,"logger":"task","filename":"task_runner.py","lineno":1606}
{"timestamp":"2026-09-29T19:09:03.767898Z","level":"info","event":"Task instance in success state","logger":"task.stdout"}
{"timestamp":"2026-09-29T19:09:03.768423Z","level":"info","event":" Previous state of the Task instance: TaskInstanceState.RUNNING","logger":"task.stdout"}
{"timestamp":"2026-09-29T19:09:03.768778Z","level":"info","event":"Task operator:<Task(_BranchPythonDecoratedOperator): should_run>","logger":"task.stdout"}
{"timestamp":"2026-09-29T19:09:03.754271Z","level":"info","event":"::endgroup::","run_id":"scheduled__2026-09-29T19:09:00+00:00","task_id":"should_run","try_number":1,"dag_id":"example_branch_dop_operator_v3","ti_id":"01a0ee92-009c-7083-870d-893ada6732ea","map_index":-1,"logger":"task","filename":"task_runner.py","lineno":2379}
