{"timestamp":"2026-09-29T18:51:01.672627Z","level":"info","event":"::group::Pre Execute","logger":"task","filename":"task_runner.py","lineno":2412}
{"timestamp":"2026-09-29T18:51:01.830494Z","level":"info","event":"DAG bundles loaded: dags-folder, example_dags, apache-airflow-providers-common-sql-example-dags, apache-airflow-providers-standard-example-dags","try_number":1,"ti_id":"01a0ee81-8484-77e3-85a8-49df0f7caa95","task_id":"should_run","run_id":"scheduled__2026-09-29T18:51:00+00:00","dag_id":"example_branch_dop_operator_v3","map_index":-1,"logger":"airflow.dag_processing.bundles.manager.DagBundlesManager","filename":"manager.py","lineno":304}
{"timestamp":"2026-09-29T18:51:01.838451Z","level":"info","event":"Filling up the DagBag from /home/airflow/.local/lib/python3.13/site-packages/airflow/example_dags/example_branch_python_dop_operator_3.py","try_number":1,"ti_id":"01a0ee81-8484-77e3-85a8-49df0f7caa95","task_id":"should_run","run_id":"scheduled__2026-09-29T18:51:00+00:00","dag_id":"example_branch_dop_operator_v3","map_index":-1,"logger":"airflow.dag_processing.dagbag.BundleDagBag","filename":"dagbag.py","lineno":460}
{"timestamp":"2026-09-29T18:51:01.960155Z","level":"info","event":"Worker startup parse complete","bundle_name":"example_dags","bundle_version":null,"dag_file":"example_branch_python_dop_operator_3.py","dag_id":"example_branch_dop_operator_v3","bundle_prepare_ms":29,"dag_file_parse_ms":122,"try_number":1,"ti_id":"01a0ee81-8484-77e3-85a8-49df0f7caa95","task_id":"should_run","run_id":"scheduled__2026-09-29T18:51:00+00:00","map_index":-1,"logger":"task","filename":"task_runner.py","lineno":1073}
{"timestamp":"2026-09-29T18:51:02.072434Z","level":"info","event":"Task instance is in running state","logger":"task.stdout"}
{"timestamp":"2026-09-29T18:51:02.073182Z","level":"info","event":" Previous state of the Task instance: TaskInstanceState.QUEUED","logger":"task.stdout"}
{"timestamp":"2026-09-29T18:51:02.077127Z","level":"info","event":"Current task name:should_run","logger":"task.stdout"}
{"timestamp":"2026-09-29T18:51:02.085275Z","level":"info","event":"Dag name:example_branch_dop_operator_v3","logger":"task.stdout"}
{"timestamp":"2026-09-29T18:51:02.077786Z","level":"info","event":"::endgroup::","try_number":1,"ti_id":"01a0ee81-8484-77e3-85a8-49df0f7caa95","task_id":"should_run","run_id":"scheduled__2026-09-29T18:51:00+00:00","dag_id":"example_branch_dop_operator_v3","map_index":-1,"logger":"task","filename":"task_runner.py","lineno":2232}
{"timestamp":"2026-09-29T18:51:02.088099Z","level":"info","event":"------------- exec dttm = 2026-09-29 18:51:00+00:00 and minute = 51","logger":"task.stdout"}
{"timestamp":"2026-09-29T18:51:02.088493Z","level":"info","event":"Done. Returned value was: empty_task_2","try_number":1,"ti_id":"01a0ee81-8484-77e3-85a8-49df0f7caa95","task_id":"should_run","run_id":"scheduled__2026-09-29T18:51:00+00:00","dag_id":"example_branch_dop_operator_v3","map_index":-1,"logger":"airflow.task.operators.airflow.providers.standard.decorators.branch_python._BranchPythonDecoratedOperator","filename":"python.py","lineno":233}
{"timestamp":"2026-09-29T18:51:02.089310Z","level":"info","event":"Branch into empty_task_2","try_number":1,"ti_id":"01a0ee81-8484-77e3-85a8-49df0f7caa95","task_id":"should_run","run_id":"scheduled__2026-09-29T18:51:00+00:00","dag_id":"example_branch_dop_operator_v3","map_index":-1,"logger":"airflow.task.operators.airflow.providers.standard.decorators.branch_python._BranchPythonDecoratedOperator","filename":"branch.py","lineno":40}
{"timestamp":"2026-09-29T18:51:02.090044Z","level":"info","event":"Following branch {'empty_task_2'}","try_number":1,"ti_id":"01a0ee81-8484-77e3-85a8-49df0f7caa95","task_id":"should_run","run_id":"scheduled__2026-09-29T18:51:00+00:00","dag_id":"example_branch_dop_operator_v3","map_index":-1,"logger":"airflow.task.operators.airflow.providers.standard.decorators.branch_python._BranchPythonDecoratedOperator","filename":"skipmixin.py","lineno":124}
{"timestamp":"2026-09-29T18:51:02.093944Z","level":"info","event":"Skipping tasks [('empty_task_1', -1)]","try_number":1,"ti_id":"01a0ee81-8484-77e3-85a8-49df0f7caa95","task_id":"should_run","run_id":"scheduled__2026-09-29T18:51:00+00:00","dag_id":"example_branch_dop_operator_v3","map_index":-1,"logger":"airflow.task.operators.airflow.providers.standard.decorators.branch_python._BranchPythonDecoratedOperator","filename":"skipmixin.py","lineno":163}
{"timestamp":"2026-09-29T18:51:02.215626Z","level":"info","event":"::group::Post Execute","try_number":1,"ti_id":"01a0ee81-8484-77e3-85a8-49df0f7caa95","task_id":"should_run","run_id":"scheduled__2026-09-29T18:51:00+00:00","dag_id":"example_branch_dop_operator_v3","map_index":-1,"logger":"task","filename":"task_runner.py","lineno":1605}
{"timestamp":"2026-09-29T18:51:02.215818Z","level":"info","event":"Skipping downstream tasks.","try_number":1,"ti_id":"01a0ee81-8484-77e3-85a8-49df0f7caa95","task_id":"should_run","run_id":"scheduled__2026-09-29T18:51:00+00:00","dag_id":"example_branch_dop_operator_v3","map_index":-1,"logger":"task","filename":"task_runner.py","lineno":1606}
{"timestamp":"2026-09-29T18:51:02.369121Z","level":"info","event":"Task instance in success state","logger":"task.stdout"}
{"timestamp":"2026-09-29T18:51:02.377069Z","level":"info","event":" Previous state of the Task instance: TaskInstanceState.RUNNING","logger":"task.stdout"}
{"timestamp":"2026-09-29T18:51:02.377570Z","level":"info","event":"Task operator:<Task(_BranchPythonDecoratedOperator): should_run>","logger":"task.stdout"}
{"timestamp":"2026-09-29T18:51:02.370089Z","level":"info","event":"::endgroup::","try_number":1,"ti_id":"01a0ee81-8484-77e3-85a8-49df0f7caa95","task_id":"should_run","run_id":"scheduled__2026-09-29T18:51:00+00:00","dag_id":"example_branch_dop_operator_v3","map_index":-1,"logger":"task","filename":"task_runner.py","lineno":2379}
