{"timestamp":"2026-09-29T19:08:02.173370Z","level":"info","event":"::group::Pre Execute","logger":"task","filename":"task_runner.py","lineno":2412}
{"timestamp":"2026-09-29T19:08:02.434563Z","level":"info","event":"DAG bundles loaded: dags-folder, example_dags, apache-airflow-providers-common-sql-example-dags, apache-airflow-providers-standard-example-dags","task_id":"should_run","try_number":1,"dag_id":"example_branch_dop_operator_v3","run_id":"scheduled__2026-09-29T19:08:00+00:00","map_index":-1,"ti_id":"01a0ee91-1651-7395-870d-9ecabc36e52d","logger":"airflow.dag_processing.bundles.manager.DagBundlesManager","filename":"manager.py","lineno":304}
{"timestamp":"2026-09-29T19:08:02.435660Z","level":"info","event":"Filling up the DagBag from /home/airflow/.local/lib/python3.13/site-packages/airflow/example_dags/example_branch_python_dop_operator_3.py","task_id":"should_run","try_number":1,"dag_id":"example_branch_dop_operator_v3","run_id":"scheduled__2026-09-29T19:08:00+00:00","map_index":-1,"ti_id":"01a0ee91-1651-7395-870d-9ecabc36e52d","logger":"airflow.dag_processing.dagbag.BundleDagBag","filename":"dagbag.py","lineno":460}
{"timestamp":"2026-09-29T19:08:02.537017Z","level":"info","event":"Worker startup parse complete","bundle_name":"example_dags","bundle_version":null,"dag_file":"example_branch_python_dop_operator_3.py","dag_id":"example_branch_dop_operator_v3","bundle_prepare_ms":6,"dag_file_parse_ms":101,"task_id":"should_run","try_number":1,"run_id":"scheduled__2026-09-29T19:08:00+00:00","map_index":-1,"ti_id":"01a0ee91-1651-7395-870d-9ecabc36e52d","logger":"task","filename":"task_runner.py","lineno":1073}
{"timestamp":"2026-09-29T19:08:02.661580Z","level":"info","event":"Task instance is in running state","logger":"task.stdout"}
{"timestamp":"2026-09-29T19:08:02.663428Z","level":"info","event":" Previous state of the Task instance: TaskInstanceState.QUEUED","logger":"task.stdout"}
{"timestamp":"2026-09-29T19:08:02.663885Z","level":"info","event":"Current task name:should_run","logger":"task.stdout"}
{"timestamp":"2026-09-29T19:08:02.664424Z","level":"info","event":"Dag name:example_branch_dop_operator_v3","logger":"task.stdout"}
{"timestamp":"2026-09-29T19:08:02.665995Z","level":"info","event":"::endgroup::","task_id":"should_run","try_number":1,"dag_id":"example_branch_dop_operator_v3","run_id":"scheduled__2026-09-29T19:08:00+00:00","map_index":-1,"ti_id":"01a0ee91-1651-7395-870d-9ecabc36e52d","logger":"task","filename":"task_runner.py","lineno":2232}
{"timestamp":"2026-09-29T19:08:02.671166Z","level":"info","event":"------------- exec dttm = 2026-09-29 19:08:00+00:00 and minute = 8","logger":"task.stdout"}
{"timestamp":"2026-09-29T19:08:02.669321Z","level":"info","event":"Done. Returned value was: empty_task_1","task_id":"should_run","try_number":1,"dag_id":"example_branch_dop_operator_v3","run_id":"scheduled__2026-09-29T19:08:00+00:00","map_index":-1,"ti_id":"01a0ee91-1651-7395-870d-9ecabc36e52d","logger":"airflow.task.operators.airflow.providers.standard.decorators.branch_python._BranchPythonDecoratedOperator","filename":"python.py","lineno":233}
{"timestamp":"2026-09-29T19:08:02.669571Z","level":"info","event":"Branch into empty_task_1","task_id":"should_run","try_number":1,"dag_id":"example_branch_dop_operator_v3","run_id":"scheduled__2026-09-29T19:08:00+00:00","map_index":-1,"ti_id":"01a0ee91-1651-7395-870d-9ecabc36e52d","logger":"airflow.task.operators.airflow.providers.standard.decorators.branch_python._BranchPythonDecoratedOperator","filename":"branch.py","lineno":40}
{"timestamp":"2026-09-29T19:08:02.669861Z","level":"info","event":"Following branch {'empty_task_1'}","task_id":"should_run","try_number":1,"dag_id":"example_branch_dop_operator_v3","run_id":"scheduled__2026-09-29T19:08:00+00:00","map_index":-1,"ti_id":"01a0ee91-1651-7395-870d-9ecabc36e52d","logger":"airflow.task.operators.airflow.providers.standard.decorators.branch_python._BranchPythonDecoratedOperator","filename":"skipmixin.py","lineno":124}
{"timestamp":"2026-09-29T19:08:02.679319Z","level":"info","event":"Skipping tasks [('empty_task_2', -1)]","task_id":"should_run","try_number":1,"dag_id":"example_branch_dop_operator_v3","run_id":"scheduled__2026-09-29T19:08:00+00:00","map_index":-1,"ti_id":"01a0ee91-1651-7395-870d-9ecabc36e52d","logger":"airflow.task.operators.airflow.providers.standard.decorators.branch_python._BranchPythonDecoratedOperator","filename":"skipmixin.py","lineno":163}
{"timestamp":"2026-09-29T19:08:02.746271Z","level":"info","event":"::group::Post Execute","task_id":"should_run","try_number":1,"dag_id":"example_branch_dop_operator_v3","run_id":"scheduled__2026-09-29T19:08:00+00:00","map_index":-1,"ti_id":"01a0ee91-1651-7395-870d-9ecabc36e52d","logger":"task","filename":"task_runner.py","lineno":1605}
{"timestamp":"2026-09-29T19:08:02.746475Z","level":"info","event":"Skipping downstream tasks.","task_id":"should_run","try_number":1,"dag_id":"example_branch_dop_operator_v3","run_id":"scheduled__2026-09-29T19:08:00+00:00","map_index":-1,"ti_id":"01a0ee91-1651-7395-870d-9ecabc36e52d","logger":"task","filename":"task_runner.py","lineno":1606}
{"timestamp":"2026-09-29T19:08:02.860679Z","level":"info","event":"Task instance in success state","logger":"task.stdout"}
{"timestamp":"2026-09-29T19:08:02.862402Z","level":"info","event":" Previous state of the Task instance: TaskInstanceState.RUNNING","logger":"task.stdout"}
{"timestamp":"2026-09-29T19:08:02.864303Z","level":"info","event":"Task operator:<Task(_BranchPythonDecoratedOperator): should_run>","logger":"task.stdout"}
{"timestamp":"2026-09-29T19:08:02.859153Z","level":"info","event":"::endgroup::","task_id":"should_run","try_number":1,"dag_id":"example_branch_dop_operator_v3","run_id":"scheduled__2026-09-29T19:08:00+00:00","map_index":-1,"ti_id":"01a0ee91-1651-7395-870d-9ecabc36e52d","logger":"task","filename":"task_runner.py","lineno":2379}
