{"timestamp":"2026-09-29T19:06:01.675912Z","level":"info","event":"::group::Pre Execute","logger":"task","filename":"task_runner.py","lineno":2412}
{"timestamp":"2026-09-29T19:06:01.887990Z","level":"info","event":"DAG bundles loaded: dags-folder, example_dags, apache-airflow-providers-common-sql-example-dags, apache-airflow-providers-standard-example-dags","run_id":"scheduled__2026-09-29T19:06:00+00:00","ti_id":"01a0ee8f-405c-755d-a66e-46d6f920c3d9","try_number":1,"dag_id":"example_branch_dop_operator_v3","map_index":-1,"task_id":"should_run","logger":"airflow.dag_processing.bundles.manager.DagBundlesManager","filename":"manager.py","lineno":304}
{"timestamp":"2026-09-29T19:06:01.893066Z","level":"info","event":"Filling up the DagBag from /home/airflow/.local/lib/python3.13/site-packages/airflow/example_dags/example_branch_python_dop_operator_3.py","run_id":"scheduled__2026-09-29T19:06:00+00:00","ti_id":"01a0ee8f-405c-755d-a66e-46d6f920c3d9","try_number":1,"dag_id":"example_branch_dop_operator_v3","map_index":-1,"task_id":"should_run","logger":"airflow.dag_processing.dagbag.BundleDagBag","filename":"dagbag.py","lineno":460}
{"timestamp":"2026-09-29T19:06:02.178780Z","level":"info","event":"Worker startup parse complete","bundle_name":"example_dags","bundle_version":null,"dag_file":"example_branch_python_dop_operator_3.py","dag_id":"example_branch_dop_operator_v3","bundle_prepare_ms":38,"dag_file_parse_ms":285,"run_id":"scheduled__2026-09-29T19:06:00+00:00","ti_id":"01a0ee8f-405c-755d-a66e-46d6f920c3d9","try_number":1,"map_index":-1,"task_id":"should_run","logger":"task","filename":"task_runner.py","lineno":1073}
{"timestamp":"2026-09-29T19:06:02.647127Z","level":"info","event":"Task instance is in running state","logger":"task.stdout"}
{"timestamp":"2026-09-29T19:06:02.647581Z","level":"info","event":" Previous state of the Task instance: TaskInstanceState.QUEUED","logger":"task.stdout"}
{"timestamp":"2026-09-29T19:06:02.648478Z","level":"info","event":"Current task name:should_run","logger":"task.stdout"}
{"timestamp":"2026-09-29T19:06:02.648849Z","level":"info","event":"Dag name:example_branch_dop_operator_v3","logger":"task.stdout"}
{"timestamp":"2026-09-29T19:06:02.649187Z","level":"info","event":"------------- exec dttm = 2026-09-29 19:06:00+00:00 and minute = 6","logger":"task.stdout"}
{"timestamp":"2026-09-29T19:06:02.540603Z","level":"info","event":"::endgroup::","run_id":"scheduled__2026-09-29T19:06:00+00:00","ti_id":"01a0ee8f-405c-755d-a66e-46d6f920c3d9","try_number":1,"dag_id":"example_branch_dop_operator_v3","map_index":-1,"task_id":"should_run","logger":"task","filename":"task_runner.py","lineno":2232}
{"timestamp":"2026-09-29T19:06:02.545612Z","level":"info","event":"Done. Returned value was: empty_task_1","run_id":"scheduled__2026-09-29T19:06:00+00:00","ti_id":"01a0ee8f-405c-755d-a66e-46d6f920c3d9","try_number":1,"dag_id":"example_branch_dop_operator_v3","map_index":-1,"task_id":"should_run","logger":"airflow.task.operators.airflow.providers.standard.decorators.branch_python._BranchPythonDecoratedOperator","filename":"python.py","lineno":233}
{"timestamp":"2026-09-29T19:06:02.546002Z","level":"info","event":"Branch into empty_task_1","run_id":"scheduled__2026-09-29T19:06:00+00:00","ti_id":"01a0ee8f-405c-755d-a66e-46d6f920c3d9","try_number":1,"dag_id":"example_branch_dop_operator_v3","map_index":-1,"task_id":"should_run","logger":"airflow.task.operators.airflow.providers.standard.decorators.branch_python._BranchPythonDecoratedOperator","filename":"branch.py","lineno":40}
{"timestamp":"2026-09-29T19:06:02.546303Z","level":"info","event":"Following branch {'empty_task_1'}","run_id":"scheduled__2026-09-29T19:06:00+00:00","ti_id":"01a0ee8f-405c-755d-a66e-46d6f920c3d9","try_number":1,"dag_id":"example_branch_dop_operator_v3","map_index":-1,"task_id":"should_run","logger":"airflow.task.operators.airflow.providers.standard.decorators.branch_python._BranchPythonDecoratedOperator","filename":"skipmixin.py","lineno":124}
{"timestamp":"2026-09-29T19:06:02.546778Z","level":"info","event":"Skipping tasks [('empty_task_2', -1)]","run_id":"scheduled__2026-09-29T19:06:00+00:00","ti_id":"01a0ee8f-405c-755d-a66e-46d6f920c3d9","try_number":1,"dag_id":"example_branch_dop_operator_v3","map_index":-1,"task_id":"should_run","logger":"airflow.task.operators.airflow.providers.standard.decorators.branch_python._BranchPythonDecoratedOperator","filename":"skipmixin.py","lineno":163}
{"timestamp":"2026-09-29T19:06:02.645775Z","level":"info","event":"::group::Post Execute","run_id":"scheduled__2026-09-29T19:06:00+00:00","ti_id":"01a0ee8f-405c-755d-a66e-46d6f920c3d9","try_number":1,"dag_id":"example_branch_dop_operator_v3","map_index":-1,"task_id":"should_run","logger":"task","filename":"task_runner.py","lineno":1605}
{"timestamp":"2026-09-29T19:06:02.645956Z","level":"info","event":"Skipping downstream tasks.","run_id":"scheduled__2026-09-29T19:06:00+00:00","ti_id":"01a0ee8f-405c-755d-a66e-46d6f920c3d9","try_number":1,"dag_id":"example_branch_dop_operator_v3","map_index":-1,"task_id":"should_run","logger":"task","filename":"task_runner.py","lineno":1606}
{"timestamp":"2026-09-29T19:06:02.939671Z","level":"info","event":"Task instance in success state","logger":"task.stdout"}
{"timestamp":"2026-09-29T19:06:02.940206Z","level":"info","event":" Previous state of the Task instance: TaskInstanceState.RUNNING","logger":"task.stdout"}
{"timestamp":"2026-09-29T19:06:02.945644Z","level":"info","event":"Task operator:<Task(_BranchPythonDecoratedOperator): should_run>","logger":"task.stdout"}
{"timestamp":"2026-09-29T19:06:02.940711Z","level":"info","event":"::endgroup::","run_id":"scheduled__2026-09-29T19:06:00+00:00","ti_id":"01a0ee8f-405c-755d-a66e-46d6f920c3d9","try_number":1,"dag_id":"example_branch_dop_operator_v3","map_index":-1,"task_id":"should_run","logger":"task","filename":"task_runner.py","lineno":2379}
