{"timestamp":"2026-09-29T18:46:54.062819Z","level":"info","event":"::group::Pre Execute","logger":"task","filename":"task_runner.py","lineno":2412}
{"timestamp":"2026-09-29T18:46:54.820080Z","level":"info","event":"DAG bundles loaded: dags-folder, example_dags, apache-airflow-providers-common-sql-example-dags, apache-airflow-providers-standard-example-dags","try_number":1,"task_id":"should_run","run_id":"scheduled__2026-09-29T18:45:00+00:00","map_index":-1,"ti_id":"01a0ee7c-1619-7b78-889b-2eeeb0206d20","dag_id":"example_branch_dop_operator_v3","logger":"airflow.dag_processing.bundles.manager.DagBundlesManager","filename":"manager.py","lineno":304}
{"timestamp":"2026-09-29T18:46:54.891736Z","level":"info","event":"Filling up the DagBag from /home/airflow/.local/lib/python3.13/site-packages/airflow/example_dags/example_branch_python_dop_operator_3.py","try_number":1,"task_id":"should_run","run_id":"scheduled__2026-09-29T18:45:00+00:00","map_index":-1,"ti_id":"01a0ee7c-1619-7b78-889b-2eeeb0206d20","dag_id":"example_branch_dop_operator_v3","logger":"airflow.dag_processing.dagbag.BundleDagBag","filename":"dagbag.py","lineno":460}
{"timestamp":"2026-09-29T18:46:55.170174Z","level":"info","event":"Worker startup parse complete","bundle_name":"example_dags","bundle_version":null,"dag_file":"example_branch_python_dop_operator_3.py","dag_id":"example_branch_dop_operator_v3","bundle_prepare_ms":100,"dag_file_parse_ms":278,"try_number":1,"task_id":"should_run","run_id":"scheduled__2026-09-29T18:45:00+00:00","map_index":-1,"ti_id":"01a0ee7c-1619-7b78-889b-2eeeb0206d20","logger":"task","filename":"task_runner.py","lineno":1073}
{"timestamp":"2026-09-29T18:46:55.417270Z","level":"info","event":"Task instance is in running state","logger":"task.stdout"}
{"timestamp":"2026-09-29T18:46:55.448127Z","level":"info","event":" Previous state of the Task instance: TaskInstanceState.QUEUED","logger":"task.stdout"}
{"timestamp":"2026-09-29T18:46:55.465434Z","level":"info","event":"Current task name:should_run","logger":"task.stdout"}
{"timestamp":"2026-09-29T18:46:55.476988Z","level":"info","event":"Dag name:example_branch_dop_operator_v3","logger":"task.stdout"}
{"timestamp":"2026-09-29T18:46:55.406183Z","level":"info","event":"::endgroup::","try_number":1,"task_id":"should_run","run_id":"scheduled__2026-09-29T18:45:00+00:00","map_index":-1,"ti_id":"01a0ee7c-1619-7b78-889b-2eeeb0206d20","dag_id":"example_branch_dop_operator_v3","logger":"task","filename":"task_runner.py","lineno":2232}
{"timestamp":"2026-09-29T18:46:55.452748Z","level":"info","event":"Done. Returned value was: empty_task_2","try_number":1,"task_id":"should_run","run_id":"scheduled__2026-09-29T18:45:00+00:00","map_index":-1,"ti_id":"01a0ee7c-1619-7b78-889b-2eeeb0206d20","dag_id":"example_branch_dop_operator_v3","logger":"airflow.task.operators.airflow.providers.standard.decorators.branch_python._BranchPythonDecoratedOperator","filename":"python.py","lineno":233}
{"timestamp":"2026-09-29T18:46:55.454528Z","level":"info","event":"Branch into empty_task_2","try_number":1,"task_id":"should_run","run_id":"scheduled__2026-09-29T18:45:00+00:00","map_index":-1,"ti_id":"01a0ee7c-1619-7b78-889b-2eeeb0206d20","dag_id":"example_branch_dop_operator_v3","logger":"airflow.task.operators.airflow.providers.standard.decorators.branch_python._BranchPythonDecoratedOperator","filename":"branch.py","lineno":40}
{"timestamp":"2026-09-29T18:46:55.454916Z","level":"info","event":"Following branch {'empty_task_2'}","try_number":1,"task_id":"should_run","run_id":"scheduled__2026-09-29T18:45:00+00:00","map_index":-1,"ti_id":"01a0ee7c-1619-7b78-889b-2eeeb0206d20","dag_id":"example_branch_dop_operator_v3","logger":"airflow.task.operators.airflow.providers.standard.decorators.branch_python._BranchPythonDecoratedOperator","filename":"skipmixin.py","lineno":124}
{"timestamp":"2026-09-29T18:46:55.455209Z","level":"info","event":"Skipping tasks [('empty_task_1', -1)]","try_number":1,"task_id":"should_run","run_id":"scheduled__2026-09-29T18:45:00+00:00","map_index":-1,"ti_id":"01a0ee7c-1619-7b78-889b-2eeeb0206d20","dag_id":"example_branch_dop_operator_v3","logger":"airflow.task.operators.airflow.providers.standard.decorators.branch_python._BranchPythonDecoratedOperator","filename":"skipmixin.py","lineno":163}
{"timestamp":"2026-09-29T18:46:55.494343Z","level":"info","event":"------------- exec dttm = 2026-09-29 18:45:00+00:00 and minute = 45","logger":"task.stdout"}
{"timestamp":"2026-09-29T18:46:55.593202Z","level":"info","event":"::group::Post Execute","try_number":1,"task_id":"should_run","run_id":"scheduled__2026-09-29T18:45:00+00:00","map_index":-1,"ti_id":"01a0ee7c-1619-7b78-889b-2eeeb0206d20","dag_id":"example_branch_dop_operator_v3","logger":"task","filename":"task_runner.py","lineno":1605}
{"timestamp":"2026-09-29T18:46:55.593442Z","level":"info","event":"Skipping downstream tasks.","try_number":1,"task_id":"should_run","run_id":"scheduled__2026-09-29T18:45:00+00:00","map_index":-1,"ti_id":"01a0ee7c-1619-7b78-889b-2eeeb0206d20","dag_id":"example_branch_dop_operator_v3","logger":"task","filename":"task_runner.py","lineno":1606}
{"timestamp":"2026-09-29T18:46:55.953594Z","level":"info","event":"Task instance in success state","logger":"task.stdout"}
{"timestamp":"2026-09-29T18:46:55.961440Z","level":"info","event":" Previous state of the Task instance: TaskInstanceState.RUNNING","logger":"task.stdout"}
{"timestamp":"2026-09-29T18:46:55.961996Z","level":"info","event":"Task operator:<Task(_BranchPythonDecoratedOperator): should_run>","logger":"task.stdout"}
{"timestamp":"2026-09-29T18:46:55.941759Z","level":"info","event":"::endgroup::","try_number":1,"task_id":"should_run","run_id":"scheduled__2026-09-29T18:45:00+00:00","map_index":-1,"ti_id":"01a0ee7c-1619-7b78-889b-2eeeb0206d20","dag_id":"example_branch_dop_operator_v3","logger":"task","filename":"task_runner.py","lineno":2379}
