{"timestamp":"2026-09-29T18:58:01.460069Z","level":"info","event":"::group::Pre Execute","logger":"task","filename":"task_runner.py","lineno":2412}
{"timestamp":"2026-09-29T18:58:01.641203Z","level":"info","event":"DAG bundles loaded: dags-folder, example_dags, apache-airflow-providers-common-sql-example-dags, apache-airflow-providers-standard-example-dags","run_id":"scheduled__2026-09-29T18:58:00+00:00","dag_id":"example_branch_dop_operator_v3","task_id":"should_run","try_number":1,"ti_id":"01a0ee87-ed0c-722f-8b7f-5817643153b3","map_index":-1,"logger":"airflow.dag_processing.bundles.manager.DagBundlesManager","filename":"manager.py","lineno":304}
{"timestamp":"2026-09-29T18:58:01.642265Z","level":"info","event":"Filling up the DagBag from /home/airflow/.local/lib/python3.13/site-packages/airflow/example_dags/example_branch_python_dop_operator_3.py","run_id":"scheduled__2026-09-29T18:58:00+00:00","dag_id":"example_branch_dop_operator_v3","task_id":"should_run","try_number":1,"ti_id":"01a0ee87-ed0c-722f-8b7f-5817643153b3","map_index":-1,"logger":"airflow.dag_processing.dagbag.BundleDagBag","filename":"dagbag.py","lineno":460}
{"timestamp":"2026-09-29T18:58:01.759544Z","level":"info","event":"Worker startup parse complete","bundle_name":"example_dags","bundle_version":null,"dag_file":"example_branch_python_dop_operator_3.py","dag_id":"example_branch_dop_operator_v3","bundle_prepare_ms":22,"dag_file_parse_ms":116,"run_id":"scheduled__2026-09-29T18:58:00+00:00","task_id":"should_run","try_number":1,"ti_id":"01a0ee87-ed0c-722f-8b7f-5817643153b3","map_index":-1,"logger":"task","filename":"task_runner.py","lineno":1073}
{"timestamp":"2026-09-29T18:58:01.949004Z","level":"info","event":"Task instance is in running state","logger":"task.stdout"}
{"timestamp":"2026-09-29T18:58:01.970620Z","level":"info","event":" Previous state of the Task instance: TaskInstanceState.QUEUED","logger":"task.stdout"}
{"timestamp":"2026-09-29T18:58:01.979507Z","level":"info","event":"Current task name:should_run","logger":"task.stdout"}
{"timestamp":"2026-09-29T18:58:01.986375Z","level":"info","event":"Dag name:example_branch_dop_operator_v3","logger":"task.stdout"}
{"timestamp":"2026-09-29T18:58:01.949896Z","level":"info","event":"::endgroup::","run_id":"scheduled__2026-09-29T18:58:00+00:00","dag_id":"example_branch_dop_operator_v3","task_id":"should_run","try_number":1,"ti_id":"01a0ee87-ed0c-722f-8b7f-5817643153b3","map_index":-1,"logger":"task","filename":"task_runner.py","lineno":2232}
{"timestamp":"2026-09-29T18:58:01.990547Z","level":"info","event":"Done. Returned value was: empty_task_1","run_id":"scheduled__2026-09-29T18:58:00+00:00","dag_id":"example_branch_dop_operator_v3","task_id":"should_run","try_number":1,"ti_id":"01a0ee87-ed0c-722f-8b7f-5817643153b3","map_index":-1,"logger":"airflow.task.operators.airflow.providers.standard.decorators.branch_python._BranchPythonDecoratedOperator","filename":"python.py","lineno":233}
{"timestamp":"2026-09-29T18:58:01.990872Z","level":"info","event":"Branch into empty_task_1","run_id":"scheduled__2026-09-29T18:58:00+00:00","dag_id":"example_branch_dop_operator_v3","task_id":"should_run","try_number":1,"ti_id":"01a0ee87-ed0c-722f-8b7f-5817643153b3","map_index":-1,"logger":"airflow.task.operators.airflow.providers.standard.decorators.branch_python._BranchPythonDecoratedOperator","filename":"branch.py","lineno":40}
{"timestamp":"2026-09-29T18:58:01.991153Z","level":"info","event":"Following branch {'empty_task_1'}","run_id":"scheduled__2026-09-29T18:58:00+00:00","dag_id":"example_branch_dop_operator_v3","task_id":"should_run","try_number":1,"ti_id":"01a0ee87-ed0c-722f-8b7f-5817643153b3","map_index":-1,"logger":"airflow.task.operators.airflow.providers.standard.decorators.branch_python._BranchPythonDecoratedOperator","filename":"skipmixin.py","lineno":124}
{"timestamp":"2026-09-29T18:58:01.991542Z","level":"info","event":"Skipping tasks [('empty_task_2', -1)]","run_id":"scheduled__2026-09-29T18:58:00+00:00","dag_id":"example_branch_dop_operator_v3","task_id":"should_run","try_number":1,"ti_id":"01a0ee87-ed0c-722f-8b7f-5817643153b3","map_index":-1,"logger":"airflow.task.operators.airflow.providers.standard.decorators.branch_python._BranchPythonDecoratedOperator","filename":"skipmixin.py","lineno":163}
{"timestamp":"2026-09-29T18:58:01.997004Z","level":"info","event":"------------- exec dttm = 2026-09-29 18:58:00+00:00 and minute = 58","logger":"task.stdout"}
{"timestamp":"2026-09-29T18:58:02.126298Z","level":"info","event":"::group::Post Execute","run_id":"scheduled__2026-09-29T18:58:00+00:00","dag_id":"example_branch_dop_operator_v3","task_id":"should_run","try_number":1,"ti_id":"01a0ee87-ed0c-722f-8b7f-5817643153b3","map_index":-1,"logger":"task","filename":"task_runner.py","lineno":1605}
{"timestamp":"2026-09-29T18:58:02.126539Z","level":"info","event":"Skipping downstream tasks.","run_id":"scheduled__2026-09-29T18:58:00+00:00","dag_id":"example_branch_dop_operator_v3","task_id":"should_run","try_number":1,"ti_id":"01a0ee87-ed0c-722f-8b7f-5817643153b3","map_index":-1,"logger":"task","filename":"task_runner.py","lineno":1606}
{"timestamp":"2026-09-29T18:58:02.264777Z","level":"info","event":"Task instance in success state","logger":"task.stdout"}
{"timestamp":"2026-09-29T18:58:02.291675Z","level":"info","event":" Previous state of the Task instance: TaskInstanceState.RUNNING","logger":"task.stdout"}
{"timestamp":"2026-09-29T18:58:02.308676Z","level":"info","event":"Task operator:<Task(_BranchPythonDecoratedOperator): should_run>","logger":"task.stdout"}
{"timestamp":"2026-09-29T18:58:02.264015Z","level":"info","event":"::endgroup::","run_id":"scheduled__2026-09-29T18:58:00+00:00","dag_id":"example_branch_dop_operator_v3","task_id":"should_run","try_number":1,"ti_id":"01a0ee87-ed0c-722f-8b7f-5817643153b3","map_index":-1,"logger":"task","filename":"task_runner.py","lineno":2379}
