{"timestamp":"2026-09-29T18:49:01.866181Z","level":"info","event":"::group::Pre Execute","logger":"task","filename":"task_runner.py","lineno":2412}
{"timestamp":"2026-09-29T18:49:02.105453Z","level":"info","event":"DAG bundles loaded: dags-folder, example_dags, apache-airflow-providers-common-sql-example-dags, apache-airflow-providers-standard-example-dags","run_id":"scheduled__2026-09-29T18:49:00+00:00","dag_id":"example_branch_dop_operator_v3","task_id":"should_run","try_number":1,"ti_id":"01a0ee7f-adb9-7d93-96cb-4ef69ce90832","map_index":-1,"logger":"airflow.dag_processing.bundles.manager.DagBundlesManager","filename":"manager.py","lineno":304}
{"timestamp":"2026-09-29T18:49:02.106909Z","level":"info","event":"Filling up the DagBag from /home/airflow/.local/lib/python3.13/site-packages/airflow/example_dags/example_branch_python_dop_operator_3.py","run_id":"scheduled__2026-09-29T18:49:00+00:00","dag_id":"example_branch_dop_operator_v3","task_id":"should_run","try_number":1,"ti_id":"01a0ee7f-adb9-7d93-96cb-4ef69ce90832","map_index":-1,"logger":"airflow.dag_processing.dagbag.BundleDagBag","filename":"dagbag.py","lineno":460}
{"timestamp":"2026-09-29T18:49:02.273495Z","level":"info","event":"Worker startup parse complete","bundle_name":"example_dags","bundle_version":null,"dag_file":"example_branch_python_dop_operator_3.py","dag_id":"example_branch_dop_operator_v3","bundle_prepare_ms":12,"dag_file_parse_ms":166,"run_id":"scheduled__2026-09-29T18:49:00+00:00","task_id":"should_run","try_number":1,"ti_id":"01a0ee7f-adb9-7d93-96cb-4ef69ce90832","map_index":-1,"logger":"task","filename":"task_runner.py","lineno":1073}
{"timestamp":"2026-09-29T18:49:02.627694Z","level":"info","event":"Task instance is in running state","logger":"task.stdout"}
{"timestamp":"2026-09-29T18:49:02.632032Z","level":"info","event":" Previous state of the Task instance: TaskInstanceState.QUEUED","logger":"task.stdout"}
{"timestamp":"2026-09-29T18:49:02.697502Z","level":"info","event":"Current task name:should_run","logger":"task.stdout"}
{"timestamp":"2026-09-29T18:49:02.755840Z","level":"info","event":"Dag name:example_branch_dop_operator_v3","logger":"task.stdout"}
{"timestamp":"2026-09-29T18:49:02.668496Z","level":"info","event":"::endgroup::","run_id":"scheduled__2026-09-29T18:49:00+00:00","dag_id":"example_branch_dop_operator_v3","task_id":"should_run","try_number":1,"ti_id":"01a0ee7f-adb9-7d93-96cb-4ef69ce90832","map_index":-1,"logger":"task","filename":"task_runner.py","lineno":2232}
{"timestamp":"2026-09-29T18:49:02.719564Z","level":"info","event":"Done. Returned value was: empty_task_2","run_id":"scheduled__2026-09-29T18:49:00+00:00","dag_id":"example_branch_dop_operator_v3","task_id":"should_run","try_number":1,"ti_id":"01a0ee7f-adb9-7d93-96cb-4ef69ce90832","map_index":-1,"logger":"airflow.task.operators.airflow.providers.standard.decorators.branch_python._BranchPythonDecoratedOperator","filename":"python.py","lineno":233}
{"timestamp":"2026-09-29T18:49:02.722386Z","level":"info","event":"Branch into empty_task_2","run_id":"scheduled__2026-09-29T18:49:00+00:00","dag_id":"example_branch_dop_operator_v3","task_id":"should_run","try_number":1,"ti_id":"01a0ee7f-adb9-7d93-96cb-4ef69ce90832","map_index":-1,"logger":"airflow.task.operators.airflow.providers.standard.decorators.branch_python._BranchPythonDecoratedOperator","filename":"branch.py","lineno":40}
{"timestamp":"2026-09-29T18:49:02.722722Z","level":"info","event":"Following branch {'empty_task_2'}","run_id":"scheduled__2026-09-29T18:49:00+00:00","dag_id":"example_branch_dop_operator_v3","task_id":"should_run","try_number":1,"ti_id":"01a0ee7f-adb9-7d93-96cb-4ef69ce90832","map_index":-1,"logger":"airflow.task.operators.airflow.providers.standard.decorators.branch_python._BranchPythonDecoratedOperator","filename":"skipmixin.py","lineno":124}
{"timestamp":"2026-09-29T18:49:02.832708Z","level":"info","event":"------------- exec dttm = 2026-09-29 18:49:00+00:00 and minute = 49","logger":"task.stdout"}
{"timestamp":"2026-09-29T18:49:02.723034Z","level":"info","event":"Skipping tasks [('empty_task_1', -1)]","run_id":"scheduled__2026-09-29T18:49:00+00:00","dag_id":"example_branch_dop_operator_v3","task_id":"should_run","try_number":1,"ti_id":"01a0ee7f-adb9-7d93-96cb-4ef69ce90832","map_index":-1,"logger":"airflow.task.operators.airflow.providers.standard.decorators.branch_python._BranchPythonDecoratedOperator","filename":"skipmixin.py","lineno":163}
{"timestamp":"2026-09-29T18:49:02.987053Z","level":"info","event":"::group::Post Execute","run_id":"scheduled__2026-09-29T18:49:00+00:00","dag_id":"example_branch_dop_operator_v3","task_id":"should_run","try_number":1,"ti_id":"01a0ee7f-adb9-7d93-96cb-4ef69ce90832","map_index":-1,"logger":"task","filename":"task_runner.py","lineno":1605}
{"timestamp":"2026-09-29T18:49:02.996070Z","level":"info","event":"Skipping downstream tasks.","run_id":"scheduled__2026-09-29T18:49:00+00:00","dag_id":"example_branch_dop_operator_v3","task_id":"should_run","try_number":1,"ti_id":"01a0ee7f-adb9-7d93-96cb-4ef69ce90832","map_index":-1,"logger":"task","filename":"task_runner.py","lineno":1606}
{"timestamp":"2026-09-29T18:49:03.123427Z","level":"info","event":"Task instance in success state","logger":"task.stdout"}
{"timestamp":"2026-09-29T18:49:03.139471Z","level":"info","event":" Previous state of the Task instance: TaskInstanceState.RUNNING","logger":"task.stdout"}
{"timestamp":"2026-09-29T18:49:03.142807Z","level":"info","event":"Task operator:<Task(_BranchPythonDecoratedOperator): should_run>","logger":"task.stdout"}
{"timestamp":"2026-09-29T18:49:03.112723Z","level":"info","event":"::endgroup::","run_id":"scheduled__2026-09-29T18:49:00+00:00","dag_id":"example_branch_dop_operator_v3","task_id":"should_run","try_number":1,"ti_id":"01a0ee7f-adb9-7d93-96cb-4ef69ce90832","map_index":-1,"logger":"task","filename":"task_runner.py","lineno":2379}
