{"timestamp":"2026-09-29T19:00:02.782516Z","level":"info","event":"::group::Pre Execute","logger":"task","filename":"task_runner.py","lineno":2412}
{"timestamp":"2026-09-29T19:00:03.120143Z","level":"info","event":"DAG bundles loaded: dags-folder, example_dags, apache-airflow-providers-common-sql-example-dags, apache-airflow-providers-standard-example-dags","task_id":"should_run","run_id":"scheduled__2026-09-29T19:00:00+00:00","dag_id":"example_branch_dop_operator_v3","map_index":-1,"try_number":1,"ti_id":"01a0ee89-c4a6-7474-9d3c-00b2d3c837cc","logger":"airflow.dag_processing.bundles.manager.DagBundlesManager","filename":"manager.py","lineno":304}
{"timestamp":"2026-09-29T19:00:03.126919Z","level":"info","event":"Filling up the DagBag from /home/airflow/.local/lib/python3.13/site-packages/airflow/example_dags/example_branch_python_dop_operator_3.py","task_id":"should_run","run_id":"scheduled__2026-09-29T19:00:00+00:00","dag_id":"example_branch_dop_operator_v3","map_index":-1,"try_number":1,"ti_id":"01a0ee89-c4a6-7474-9d3c-00b2d3c837cc","logger":"airflow.dag_processing.dagbag.BundleDagBag","filename":"dagbag.py","lineno":460}
{"timestamp":"2026-09-29T19:00:03.308365Z","level":"info","event":"Worker startup parse complete","bundle_name":"example_dags","bundle_version":null,"dag_file":"example_branch_python_dop_operator_3.py","dag_id":"example_branch_dop_operator_v3","bundle_prepare_ms":22,"dag_file_parse_ms":181,"task_id":"should_run","run_id":"scheduled__2026-09-29T19:00:00+00:00","map_index":-1,"try_number":1,"ti_id":"01a0ee89-c4a6-7474-9d3c-00b2d3c837cc","logger":"task","filename":"task_runner.py","lineno":1073}
{"timestamp":"2026-09-29T19:00:03.483800Z","level":"info","event":"Task instance is in running state","logger":"task.stdout"}
{"timestamp":"2026-09-29T19:00:03.490617Z","level":"info","event":" Previous state of the Task instance: TaskInstanceState.QUEUED","logger":"task.stdout"}
{"timestamp":"2026-09-29T19:00:03.493440Z","level":"info","event":"Current task name:should_run","logger":"task.stdout"}
{"timestamp":"2026-09-29T19:00:03.494085Z","level":"info","event":"Dag name:example_branch_dop_operator_v3","logger":"task.stdout"}
{"timestamp":"2026-09-29T19:00:03.482574Z","level":"info","event":"::endgroup::","task_id":"should_run","run_id":"scheduled__2026-09-29T19:00:00+00:00","dag_id":"example_branch_dop_operator_v3","map_index":-1,"try_number":1,"ti_id":"01a0ee89-c4a6-7474-9d3c-00b2d3c837cc","logger":"task","filename":"task_runner.py","lineno":2232}
{"timestamp":"2026-09-29T19:00:03.495856Z","level":"info","event":"------------- exec dttm = 2026-09-29 19:00:00+00:00 and minute = 0","logger":"task.stdout"}
{"timestamp":"2026-09-29T19:00:03.496363Z","level":"info","event":"Done. Returned value was: empty_task_1","task_id":"should_run","run_id":"scheduled__2026-09-29T19:00:00+00:00","dag_id":"example_branch_dop_operator_v3","map_index":-1,"try_number":1,"ti_id":"01a0ee89-c4a6-7474-9d3c-00b2d3c837cc","logger":"airflow.task.operators.airflow.providers.standard.decorators.branch_python._BranchPythonDecoratedOperator","filename":"python.py","lineno":233}
{"timestamp":"2026-09-29T19:00:03.499081Z","level":"info","event":"Branch into empty_task_1","task_id":"should_run","run_id":"scheduled__2026-09-29T19:00:00+00:00","dag_id":"example_branch_dop_operator_v3","map_index":-1,"try_number":1,"ti_id":"01a0ee89-c4a6-7474-9d3c-00b2d3c837cc","logger":"airflow.task.operators.airflow.providers.standard.decorators.branch_python._BranchPythonDecoratedOperator","filename":"branch.py","lineno":40}
{"timestamp":"2026-09-29T19:00:03.499831Z","level":"info","event":"Following branch {'empty_task_1'}","task_id":"should_run","run_id":"scheduled__2026-09-29T19:00:00+00:00","dag_id":"example_branch_dop_operator_v3","map_index":-1,"try_number":1,"ti_id":"01a0ee89-c4a6-7474-9d3c-00b2d3c837cc","logger":"airflow.task.operators.airflow.providers.standard.decorators.branch_python._BranchPythonDecoratedOperator","filename":"skipmixin.py","lineno":124}
{"timestamp":"2026-09-29T19:00:03.503170Z","level":"info","event":"Skipping tasks [('empty_task_2', -1)]","task_id":"should_run","run_id":"scheduled__2026-09-29T19:00:00+00:00","dag_id":"example_branch_dop_operator_v3","map_index":-1,"try_number":1,"ti_id":"01a0ee89-c4a6-7474-9d3c-00b2d3c837cc","logger":"airflow.task.operators.airflow.providers.standard.decorators.branch_python._BranchPythonDecoratedOperator","filename":"skipmixin.py","lineno":163}
{"timestamp":"2026-09-29T19:00:03.614552Z","level":"info","event":"::group::Post Execute","task_id":"should_run","run_id":"scheduled__2026-09-29T19:00:00+00:00","dag_id":"example_branch_dop_operator_v3","map_index":-1,"try_number":1,"ti_id":"01a0ee89-c4a6-7474-9d3c-00b2d3c837cc","logger":"task","filename":"task_runner.py","lineno":1605}
{"timestamp":"2026-09-29T19:00:03.623321Z","level":"info","event":"Skipping downstream tasks.","task_id":"should_run","run_id":"scheduled__2026-09-29T19:00:00+00:00","dag_id":"example_branch_dop_operator_v3","map_index":-1,"try_number":1,"ti_id":"01a0ee89-c4a6-7474-9d3c-00b2d3c837cc","logger":"task","filename":"task_runner.py","lineno":1606}
{"timestamp":"2026-09-29T19:00:03.799809Z","level":"info","event":"Task instance in success state","logger":"task.stdout"}
{"timestamp":"2026-09-29T19:00:03.800680Z","level":"info","event":" Previous state of the Task instance: TaskInstanceState.RUNNING","logger":"task.stdout"}
{"timestamp":"2026-09-29T19:00:03.801157Z","level":"info","event":"Task operator:<Task(_BranchPythonDecoratedOperator): should_run>","logger":"task.stdout"}
{"timestamp":"2026-09-29T19:00:03.793659Z","level":"info","event":"::endgroup::","task_id":"should_run","run_id":"scheduled__2026-09-29T19:00:00+00:00","dag_id":"example_branch_dop_operator_v3","map_index":-1,"try_number":1,"ti_id":"01a0ee89-c4a6-7474-9d3c-00b2d3c837cc","logger":"task","filename":"task_runner.py","lineno":2379}
