{"timestamp":"2026-09-29T19:10:01.851078Z","level":"info","event":"::group::Pre Execute","logger":"task","filename":"task_runner.py","lineno":2412}
{"timestamp":"2026-09-29T19:10:02.150120Z","level":"info","event":"DAG bundles loaded: dags-folder, example_dags, apache-airflow-providers-common-sql-example-dags, apache-airflow-providers-standard-example-dags","ti_id":"01a0ee92-ea0e-79d6-80f8-459b967e3f03","dag_id":"example_branch_dop_operator_v3","task_id":"should_run","map_index":-1,"try_number":1,"run_id":"scheduled__2026-09-29T19:10:00+00:00","logger":"airflow.dag_processing.bundles.manager.DagBundlesManager","filename":"manager.py","lineno":304}
{"timestamp":"2026-09-29T19:10:02.151328Z","level":"info","event":"Filling up the DagBag from /home/airflow/.local/lib/python3.13/site-packages/airflow/example_dags/example_branch_python_dop_operator_3.py","ti_id":"01a0ee92-ea0e-79d6-80f8-459b967e3f03","dag_id":"example_branch_dop_operator_v3","task_id":"should_run","map_index":-1,"try_number":1,"run_id":"scheduled__2026-09-29T19:10:00+00:00","logger":"airflow.dag_processing.dagbag.BundleDagBag","filename":"dagbag.py","lineno":460}
{"timestamp":"2026-09-29T19:10:02.349922Z","level":"info","event":"Worker startup parse complete","bundle_name":"example_dags","bundle_version":null,"dag_file":"example_branch_python_dop_operator_3.py","dag_id":"example_branch_dop_operator_v3","bundle_prepare_ms":20,"dag_file_parse_ms":161,"ti_id":"01a0ee92-ea0e-79d6-80f8-459b967e3f03","task_id":"should_run","map_index":-1,"try_number":1,"run_id":"scheduled__2026-09-29T19:10:00+00:00","logger":"task","filename":"task_runner.py","lineno":1073}
{"timestamp":"2026-09-29T19:10:02.590410Z","level":"info","event":"Task instance is in running state","logger":"task.stdout"}
{"timestamp":"2026-09-29T19:10:02.592096Z","level":"info","event":" Previous state of the Task instance: TaskInstanceState.QUEUED","logger":"task.stdout"}
{"timestamp":"2026-09-29T19:10:02.592631Z","level":"info","event":"Current task name:should_run","logger":"task.stdout"}
{"timestamp":"2026-09-29T19:10:02.593198Z","level":"info","event":"Dag name:example_branch_dop_operator_v3","logger":"task.stdout"}
{"timestamp":"2026-09-29T19:10:02.597186Z","level":"info","event":"------------- exec dttm = 2026-09-29 19:10:00+00:00 and minute = 10","logger":"task.stdout"}
{"timestamp":"2026-09-29T19:10:02.586139Z","level":"info","event":"::endgroup::","ti_id":"01a0ee92-ea0e-79d6-80f8-459b967e3f03","dag_id":"example_branch_dop_operator_v3","task_id":"should_run","map_index":-1,"try_number":1,"run_id":"scheduled__2026-09-29T19:10:00+00:00","logger":"task","filename":"task_runner.py","lineno":2232}
{"timestamp":"2026-09-29T19:10:02.595744Z","level":"info","event":"Done. Returned value was: empty_task_1","ti_id":"01a0ee92-ea0e-79d6-80f8-459b967e3f03","dag_id":"example_branch_dop_operator_v3","task_id":"should_run","map_index":-1,"try_number":1,"run_id":"scheduled__2026-09-29T19:10:00+00:00","logger":"airflow.task.operators.airflow.providers.standard.decorators.branch_python._BranchPythonDecoratedOperator","filename":"python.py","lineno":233}
{"timestamp":"2026-09-29T19:10:02.596043Z","level":"info","event":"Branch into empty_task_1","ti_id":"01a0ee92-ea0e-79d6-80f8-459b967e3f03","dag_id":"example_branch_dop_operator_v3","task_id":"should_run","map_index":-1,"try_number":1,"run_id":"scheduled__2026-09-29T19:10:00+00:00","logger":"airflow.task.operators.airflow.providers.standard.decorators.branch_python._BranchPythonDecoratedOperator","filename":"branch.py","lineno":40}
{"timestamp":"2026-09-29T19:10:02.596343Z","level":"info","event":"Following branch {'empty_task_1'}","ti_id":"01a0ee92-ea0e-79d6-80f8-459b967e3f03","dag_id":"example_branch_dop_operator_v3","task_id":"should_run","map_index":-1,"try_number":1,"run_id":"scheduled__2026-09-29T19:10:00+00:00","logger":"airflow.task.operators.airflow.providers.standard.decorators.branch_python._BranchPythonDecoratedOperator","filename":"skipmixin.py","lineno":124}
{"timestamp":"2026-09-29T19:10:02.596634Z","level":"info","event":"Skipping tasks [('empty_task_2', -1)]","ti_id":"01a0ee92-ea0e-79d6-80f8-459b967e3f03","dag_id":"example_branch_dop_operator_v3","task_id":"should_run","map_index":-1,"try_number":1,"run_id":"scheduled__2026-09-29T19:10:00+00:00","logger":"airflow.task.operators.airflow.providers.standard.decorators.branch_python._BranchPythonDecoratedOperator","filename":"skipmixin.py","lineno":163}
{"timestamp":"2026-09-29T19:10:02.678934Z","level":"info","event":"::group::Post Execute","ti_id":"01a0ee92-ea0e-79d6-80f8-459b967e3f03","dag_id":"example_branch_dop_operator_v3","task_id":"should_run","map_index":-1,"try_number":1,"run_id":"scheduled__2026-09-29T19:10:00+00:00","logger":"task","filename":"task_runner.py","lineno":1605}
{"timestamp":"2026-09-29T19:10:02.679090Z","level":"info","event":"Skipping downstream tasks.","ti_id":"01a0ee92-ea0e-79d6-80f8-459b967e3f03","dag_id":"example_branch_dop_operator_v3","task_id":"should_run","map_index":-1,"try_number":1,"run_id":"scheduled__2026-09-29T19:10:00+00:00","logger":"task","filename":"task_runner.py","lineno":1606}
{"timestamp":"2026-09-29T19:10:02.825014Z","level":"info","event":"Task instance in success state","logger":"task.stdout"}
{"timestamp":"2026-09-29T19:10:02.825675Z","level":"info","event":" Previous state of the Task instance: TaskInstanceState.RUNNING","logger":"task.stdout"}
{"timestamp":"2026-09-29T19:10:02.826386Z","level":"info","event":"Task operator:<Task(_BranchPythonDecoratedOperator): should_run>","logger":"task.stdout"}
{"timestamp":"2026-09-29T19:10:02.818125Z","level":"info","event":"::endgroup::","ti_id":"01a0ee92-ea0e-79d6-80f8-459b967e3f03","dag_id":"example_branch_dop_operator_v3","task_id":"should_run","map_index":-1,"try_number":1,"run_id":"scheduled__2026-09-29T19:10:00+00:00","logger":"task","filename":"task_runner.py","lineno":2379}
