{"timestamp":"2026-09-29T19:05:01.480558Z","level":"info","event":"::group::Pre Execute","logger":"task","filename":"task_runner.py","lineno":2412}
{"timestamp":"2026-09-29T19:05:01.927275Z","level":"info","event":"DAG bundles loaded: dags-folder, example_dags, apache-airflow-providers-common-sql-example-dags, apache-airflow-providers-standard-example-dags","run_id":"scheduled__2026-09-29T19:05:00+00:00","ti_id":"01a0ee8e-557c-7705-95c3-b62266fd564d","try_number":1,"map_index":-1,"dag_id":"example_branch_dop_operator_v3","task_id":"should_run","logger":"airflow.dag_processing.bundles.manager.DagBundlesManager","filename":"manager.py","lineno":304}
{"timestamp":"2026-09-29T19:05:01.961437Z","level":"info","event":"Filling up the DagBag from /home/airflow/.local/lib/python3.13/site-packages/airflow/example_dags/example_branch_python_dop_operator_3.py","run_id":"scheduled__2026-09-29T19:05:00+00:00","ti_id":"01a0ee8e-557c-7705-95c3-b62266fd564d","try_number":1,"map_index":-1,"dag_id":"example_branch_dop_operator_v3","task_id":"should_run","logger":"airflow.dag_processing.dagbag.BundleDagBag","filename":"dagbag.py","lineno":460}
{"timestamp":"2026-09-29T19:05:02.313342Z","level":"info","event":"Worker startup parse complete","bundle_name":"example_dags","bundle_version":null,"dag_file":"example_branch_python_dop_operator_3.py","dag_id":"example_branch_dop_operator_v3","bundle_prepare_ms":44,"dag_file_parse_ms":354,"run_id":"scheduled__2026-09-29T19:05:00+00:00","ti_id":"01a0ee8e-557c-7705-95c3-b62266fd564d","try_number":1,"map_index":-1,"task_id":"should_run","logger":"task","filename":"task_runner.py","lineno":1073}
{"timestamp":"2026-09-29T19:05:02.556409Z","level":"info","event":"Task instance is in running state","logger":"task.stdout"}
{"timestamp":"2026-09-29T19:05:02.562540Z","level":"info","event":" Previous state of the Task instance: TaskInstanceState.QUEUED","logger":"task.stdout"}
{"timestamp":"2026-09-29T19:05:02.600916Z","level":"info","event":"Current task name:should_run","logger":"task.stdout"}
{"timestamp":"2026-09-29T19:05:02.601820Z","level":"info","event":"Dag name:example_branch_dop_operator_v3","logger":"task.stdout"}
{"timestamp":"2026-09-29T19:05:02.582808Z","level":"info","event":"::endgroup::","run_id":"scheduled__2026-09-29T19:05:00+00:00","ti_id":"01a0ee8e-557c-7705-95c3-b62266fd564d","try_number":1,"map_index":-1,"dag_id":"example_branch_dop_operator_v3","task_id":"should_run","logger":"task","filename":"task_runner.py","lineno":2232}
{"timestamp":"2026-09-29T19:05:02.666170Z","level":"info","event":"------------- exec dttm = 2026-09-29 19:05:00+00:00 and minute = 5","logger":"task.stdout"}
{"timestamp":"2026-09-29T19:05:02.635863Z","level":"info","event":"Done. Returned value was: empty_task_2","run_id":"scheduled__2026-09-29T19:05:00+00:00","ti_id":"01a0ee8e-557c-7705-95c3-b62266fd564d","try_number":1,"map_index":-1,"dag_id":"example_branch_dop_operator_v3","task_id":"should_run","logger":"airflow.task.operators.airflow.providers.standard.decorators.branch_python._BranchPythonDecoratedOperator","filename":"python.py","lineno":233}
{"timestamp":"2026-09-29T19:05:02.638759Z","level":"info","event":"Branch into empty_task_2","run_id":"scheduled__2026-09-29T19:05:00+00:00","ti_id":"01a0ee8e-557c-7705-95c3-b62266fd564d","try_number":1,"map_index":-1,"dag_id":"example_branch_dop_operator_v3","task_id":"should_run","logger":"airflow.task.operators.airflow.providers.standard.decorators.branch_python._BranchPythonDecoratedOperator","filename":"branch.py","lineno":40}
{"timestamp":"2026-09-29T19:05:02.639213Z","level":"info","event":"Following branch {'empty_task_2'}","run_id":"scheduled__2026-09-29T19:05:00+00:00","ti_id":"01a0ee8e-557c-7705-95c3-b62266fd564d","try_number":1,"map_index":-1,"dag_id":"example_branch_dop_operator_v3","task_id":"should_run","logger":"airflow.task.operators.airflow.providers.standard.decorators.branch_python._BranchPythonDecoratedOperator","filename":"skipmixin.py","lineno":124}
{"timestamp":"2026-09-29T19:05:02.732402Z","level":"info","event":"Skipping tasks [('empty_task_1', -1)]","run_id":"scheduled__2026-09-29T19:05:00+00:00","ti_id":"01a0ee8e-557c-7705-95c3-b62266fd564d","try_number":1,"map_index":-1,"dag_id":"example_branch_dop_operator_v3","task_id":"should_run","logger":"airflow.task.operators.airflow.providers.standard.decorators.branch_python._BranchPythonDecoratedOperator","filename":"skipmixin.py","lineno":163}
{"timestamp":"2026-09-29T19:05:02.922588Z","level":"info","event":"::group::Post Execute","run_id":"scheduled__2026-09-29T19:05:00+00:00","ti_id":"01a0ee8e-557c-7705-95c3-b62266fd564d","try_number":1,"map_index":-1,"dag_id":"example_branch_dop_operator_v3","task_id":"should_run","logger":"task","filename":"task_runner.py","lineno":1605}
{"timestamp":"2026-09-29T19:05:02.923601Z","level":"info","event":"Skipping downstream tasks.","run_id":"scheduled__2026-09-29T19:05:00+00:00","ti_id":"01a0ee8e-557c-7705-95c3-b62266fd564d","try_number":1,"map_index":-1,"dag_id":"example_branch_dop_operator_v3","task_id":"should_run","logger":"task","filename":"task_runner.py","lineno":1606}
{"timestamp":"2026-09-29T19:05:03.163933Z","level":"info","event":"Task instance in success state","logger":"task.stdout"}
{"timestamp":"2026-09-29T19:05:03.187604Z","level":"info","event":" Previous state of the Task instance: TaskInstanceState.RUNNING","logger":"task.stdout"}
{"timestamp":"2026-09-29T19:05:03.188578Z","level":"info","event":"Task operator:<Task(_BranchPythonDecoratedOperator): should_run>","logger":"task.stdout"}
{"timestamp":"2026-09-29T19:05:03.154063Z","level":"info","event":"::endgroup::","run_id":"scheduled__2026-09-29T19:05:00+00:00","ti_id":"01a0ee8e-557c-7705-95c3-b62266fd564d","try_number":1,"map_index":-1,"dag_id":"example_branch_dop_operator_v3","task_id":"should_run","logger":"task","filename":"task_runner.py","lineno":2379}
