{"timestamp":"2026-09-29T19:13:01.160469Z","level":"info","event":"::group::Pre Execute","logger":"task","filename":"task_runner.py","lineno":2412}
{"timestamp":"2026-09-29T19:13:01.813248Z","level":"info","event":"DAG bundles loaded: dags-folder, example_dags, apache-airflow-providers-common-sql-example-dags, apache-airflow-providers-standard-example-dags","run_id":"scheduled__2026-09-29T19:13:00+00:00","ti_id":"01a0ee95-a867-787a-b6c8-766c7ccfbe2e","try_number":1,"dag_id":"example_branch_dop_operator_v3","map_index":-1,"task_id":"should_run","logger":"airflow.dag_processing.bundles.manager.DagBundlesManager","filename":"manager.py","lineno":304}
{"timestamp":"2026-09-29T19:13:01.823815Z","level":"info","event":"Filling up the DagBag from /home/airflow/.local/lib/python3.13/site-packages/airflow/example_dags/example_branch_python_dop_operator_3.py","run_id":"scheduled__2026-09-29T19:13:00+00:00","ti_id":"01a0ee95-a867-787a-b6c8-766c7ccfbe2e","try_number":1,"dag_id":"example_branch_dop_operator_v3","map_index":-1,"task_id":"should_run","logger":"airflow.dag_processing.dagbag.BundleDagBag","filename":"dagbag.py","lineno":460}
{"timestamp":"2026-09-29T19:13:02.015058Z","level":"info","event":"Worker startup parse complete","bundle_name":"example_dags","bundle_version":null,"dag_file":"example_branch_python_dop_operator_3.py","dag_id":"example_branch_dop_operator_v3","bundle_prepare_ms":25,"dag_file_parse_ms":179,"run_id":"scheduled__2026-09-29T19:13:00+00:00","ti_id":"01a0ee95-a867-787a-b6c8-766c7ccfbe2e","try_number":1,"map_index":-1,"task_id":"should_run","logger":"task","filename":"task_runner.py","lineno":1073}
{"timestamp":"2026-09-29T19:13:02.211156Z","level":"info","event":"Task instance is in running state","logger":"task.stdout"}
{"timestamp":"2026-09-29T19:13:02.233762Z","level":"info","event":" Previous state of the Task instance: TaskInstanceState.QUEUED","logger":"task.stdout"}
{"timestamp":"2026-09-29T19:13:02.239795Z","level":"info","event":"Current task name:should_run","logger":"task.stdout"}
{"timestamp":"2026-09-29T19:13:02.242105Z","level":"info","event":"Dag name:example_branch_dop_operator_v3","logger":"task.stdout"}
{"timestamp":"2026-09-29T19:13:02.248241Z","level":"info","event":"------------- exec dttm = 2026-09-29 19:13:00+00:00 and minute = 13","logger":"task.stdout"}
{"timestamp":"2026-09-29T19:13:02.212888Z","level":"info","event":"::endgroup::","run_id":"scheduled__2026-09-29T19:13:00+00:00","ti_id":"01a0ee95-a867-787a-b6c8-766c7ccfbe2e","try_number":1,"dag_id":"example_branch_dop_operator_v3","map_index":-1,"task_id":"should_run","logger":"task","filename":"task_runner.py","lineno":2232}
{"timestamp":"2026-09-29T19:13:02.220934Z","level":"info","event":"Done. Returned value was: empty_task_2","run_id":"scheduled__2026-09-29T19:13:00+00:00","ti_id":"01a0ee95-a867-787a-b6c8-766c7ccfbe2e","try_number":1,"dag_id":"example_branch_dop_operator_v3","map_index":-1,"task_id":"should_run","logger":"airflow.task.operators.airflow.providers.standard.decorators.branch_python._BranchPythonDecoratedOperator","filename":"python.py","lineno":233}
{"timestamp":"2026-09-29T19:13:02.227124Z","level":"info","event":"Branch into empty_task_2","run_id":"scheduled__2026-09-29T19:13:00+00:00","ti_id":"01a0ee95-a867-787a-b6c8-766c7ccfbe2e","try_number":1,"dag_id":"example_branch_dop_operator_v3","map_index":-1,"task_id":"should_run","logger":"airflow.task.operators.airflow.providers.standard.decorators.branch_python._BranchPythonDecoratedOperator","filename":"branch.py","lineno":40}
{"timestamp":"2026-09-29T19:13:02.227495Z","level":"info","event":"Following branch {'empty_task_2'}","run_id":"scheduled__2026-09-29T19:13:00+00:00","ti_id":"01a0ee95-a867-787a-b6c8-766c7ccfbe2e","try_number":1,"dag_id":"example_branch_dop_operator_v3","map_index":-1,"task_id":"should_run","logger":"airflow.task.operators.airflow.providers.standard.decorators.branch_python._BranchPythonDecoratedOperator","filename":"skipmixin.py","lineno":124}
{"timestamp":"2026-09-29T19:13:02.227827Z","level":"info","event":"Skipping tasks [('empty_task_1', -1)]","run_id":"scheduled__2026-09-29T19:13:00+00:00","ti_id":"01a0ee95-a867-787a-b6c8-766c7ccfbe2e","try_number":1,"dag_id":"example_branch_dop_operator_v3","map_index":-1,"task_id":"should_run","logger":"airflow.task.operators.airflow.providers.standard.decorators.branch_python._BranchPythonDecoratedOperator","filename":"skipmixin.py","lineno":163}
{"timestamp":"2026-09-29T19:13:02.578275Z","level":"info","event":"::group::Post Execute","run_id":"scheduled__2026-09-29T19:13:00+00:00","ti_id":"01a0ee95-a867-787a-b6c8-766c7ccfbe2e","try_number":1,"dag_id":"example_branch_dop_operator_v3","map_index":-1,"task_id":"should_run","logger":"task","filename":"task_runner.py","lineno":1605}
{"timestamp":"2026-09-29T19:13:02.578501Z","level":"info","event":"Skipping downstream tasks.","run_id":"scheduled__2026-09-29T19:13:00+00:00","ti_id":"01a0ee95-a867-787a-b6c8-766c7ccfbe2e","try_number":1,"dag_id":"example_branch_dop_operator_v3","map_index":-1,"task_id":"should_run","logger":"task","filename":"task_runner.py","lineno":1606}
{"timestamp":"2026-09-29T19:13:02.875577Z","level":"info","event":"Task instance in success state","logger":"task.stdout"}
{"timestamp":"2026-09-29T19:13:02.876637Z","level":"info","event":" Previous state of the Task instance: TaskInstanceState.RUNNING","logger":"task.stdout"}
{"timestamp":"2026-09-29T19:13:02.877208Z","level":"info","event":"Task operator:<Task(_BranchPythonDecoratedOperator): should_run>","logger":"task.stdout"}
{"timestamp":"2026-09-29T19:13:02.867399Z","level":"info","event":"::endgroup::","run_id":"scheduled__2026-09-29T19:13:00+00:00","ti_id":"01a0ee95-a867-787a-b6c8-766c7ccfbe2e","try_number":1,"dag_id":"example_branch_dop_operator_v3","map_index":-1,"task_id":"should_run","logger":"task","filename":"task_runner.py","lineno":2379}
